[2025-09-13 15:19:22] [32minfo[39m: 🚀 Server started on port 4000
[2025-09-13 15:19:38] [32minfo[39m: ✅ Server started on port 4000
[2025-09-13 15:20:06] [32minfo[39m: ✅ Server started on port 4000
[2025-09-13 15:20:06] [32minfo[39m: Node version: 16
[2025-09-13 15:20:06] [32minfo[39m: System: Altas - softmanager api
[2025-09-13 15:20:06] [32minfo[39m: Author: Clebson Santos
[2025-09-13 15:20:20] [32minfo[39m: ✅ Server started on port 4000
[2025-09-13 15:20:20] [32minfo[39m: Node version: 16
[2025-09-13 15:20:20] [32minfo[39m: System: Altas - softmanager api
[2025-09-13 15:20:20] [32minfo[39m: Author: Clebson Santos - 
[2025-09-13 15:20:28] [32minfo[39m: ✅ Server started on port 4000
[2025-09-13 15:20:28] [32minfo[39m: Node version: 16
[2025-09-13 15:20:28] [32minfo[39m: System: Altas - softmanager api
[2025-09-13 15:20:28] [32minfo[39m: Author: Clebson Santos - github.com/clebsonsantos
[2025-09-13 15:20:35] [32minfo[39m: ✅ Server started on port 4000
[2025-09-13 15:20:35] [32minfo[39m: Node version: 16
[2025-09-13 15:20:35] [32minfo[39m: System: Altas - softmanager api
[2025-09-13 15:20:35] [32minfo[39m: Author: Clebson Santos - https://github.com/clebsonsantos
[2025-09-13 15:21:23] [32minfo[39m: ✅ Server started on port 4000
[2025-09-13 15:21:23] [32minfo[39m: Node version: 16
[2025-09-13 15:21:23] [32minfo[39m: System: Altas - softmanager api
[2025-09-13 15:21:23] [32minfo[39m: Author: Clebson Santos - https://github.com/clebsonsantos
[2025-09-13 15:21:28] [32minfo[39m: ✅ Server started on port 4000
[2025-09-13 15:21:28] [32minfo[39m: Node version: 16
[2025-09-13 15:21:28] [32minfo[39m: System: Altas - softmanager api
[2025-09-13 15:21:28] [32minfo[39m: Author: Clebson Santos - https://github.com/clebsonsantos
[2025-09-13 15:21:43] [32minfo[39m: ✅ Server started on port 4000
[2025-09-13 15:21:43] [32minfo[39m: Node version: 16
[2025-09-13 15:21:43] [32minfo[39m: System: Altas - softmanager api
[2025-09-13 15:21:43] [32minfo[39m: Author: Clebson Santos - https://github.com/clebsonsantos
[2025-09-13 15:21:48] [32minfo[39m: ✅ Server started on port 4000
[2025-09-13 15:21:48] [32minfo[39m: Node version: 16
[2025-09-13 15:21:48] [32minfo[39m: System: Altas - softmanager api
[2025-09-13 15:21:48] [32minfo[39m: Author: Clebson Santos - https://github.com/clebsonsantos
[2025-09-13 15:21:48] [32minfo[39m: Processo finalizado
[2025-09-13 15:21:51] [32minfo[39m: ✅ Server started on port 4000
[2025-09-13 15:21:51] [32minfo[39m: Node version: 16
[2025-09-13 15:21:51] [32minfo[39m: System: Altas - softmanager api
[2025-09-13 15:21:51] [32minfo[39m: Author: Clebson Santos - https://github.com/clebsonsantos
[2025-09-13 15:21:52] [32minfo[39m: Processo finalizado
[2025-09-13 15:22:05] [32minfo[39m: ✅ Server started on port 4000
[2025-09-13 15:22:05] [32minfo[39m: Node version: 16
[2025-09-13 15:22:05] [32minfo[39m: System: Altas - softmanager api
[2025-09-13 15:22:05] [32minfo[39m: Author: Clebson Santos - https://github.com/clebsonsantos
[2025-09-13 15:22:05] [32minfo[39m: CONEXÃO EFETUADA COM BANCO DE DADOS
[2025-09-13 15:22:05] [32minfo[39m: Processo finalizado
[2025-09-13 15:22:13] [32minfo[39m: ✅ Server started on port 4000
[2025-09-13 15:22:13] [32minfo[39m: Node version: 16
[2025-09-13 15:22:13] [32minfo[39m: System: Altas - softmanager api
[2025-09-13 15:22:13] [32minfo[39m: Author: Clebson Santos - https://github.com/clebsonsantos
[2025-09-13 15:22:15] [32minfo[39m: ✅ Server started on port 4000
[2025-09-13 15:22:15] [32minfo[39m: Node version: 16
[2025-09-13 15:22:15] [32minfo[39m: System: Altas - softmanager api
[2025-09-13 15:22:15] [32minfo[39m: Author: Clebson Santos - https://github.com/clebsonsantos
[2025-09-13 15:22:15] [32minfo[39m: CONEXÃO EFETUADA COM BANCO DE DADOS
[2025-09-13 15:22:15] [32minfo[39m: Processo de inicialização finalizado
[2025-09-13 15:22:28] [32minfo[39m: ✅ Server started on port 4000
[2025-09-13 15:22:28] [32minfo[39m: Node version: 16
[2025-09-13 15:22:28] [32minfo[39m: System: Altas - softmanager api
[2025-09-13 15:22:28] [32minfo[39m: Author: Clebson Santos - https://github.com/clebsonsantos
[2025-09-13 15:22:30] [32minfo[39m: ✅ Server started on port 4000
[2025-09-13 15:22:30] [32minfo[39m: Node version: 16
[2025-09-13 15:22:30] [32minfo[39m: System: Altas - softmanager api
[2025-09-13 15:22:30] [32minfo[39m: Author: Clebson Santos - https://github.com/clebsonsantos
[2025-09-13 15:22:30] [32minfo[39m: CONEXÃO EFETUADA COM BANCO DE DADOS
[2025-09-13 15:22:31] [32minfo[39m: Processo de inicialização finalizado
[2025-09-13 15:22:35] [32minfo[39m: ✅ Server started on port 4000
[2025-09-13 15:22:35] [32minfo[39m: Node version: 16
[2025-09-13 15:22:35] [32minfo[39m: System: Altas - softmanager api
[2025-09-13 15:22:35] [32minfo[39m: Author: Clebson Santos - https://github.com/clebsonsantos
[2025-09-13 15:22:39] [32minfo[39m: ✅ Server started on port 4000
[2025-09-13 15:22:39] [32minfo[39m: Node version: 16
[2025-09-13 15:22:39] [32minfo[39m: System: Altas - softmanager api
[2025-09-13 15:22:39] [32minfo[39m: Author: Clebson Santos - https://github.com/clebsonsantos
[2025-09-13 15:22:39] [32minfo[39m: CONEXÃO EFETUADA COM BANCO DE DADOS
[2025-09-13 15:22:40] [32minfo[39m: Processo de inicialização finalizado
[2025-09-13 15:22:42] [32minfo[39m: ✅ Server started on port 4000
[2025-09-13 15:22:42] [32minfo[39m: Node version: 16
[2025-09-13 15:22:42] [32minfo[39m: System: Altas - softmanager api
[2025-09-13 15:22:42] [32minfo[39m: Author: Clebson Santos - https://github.com/clebsonsantos
[2025-09-13 15:22:43] [32minfo[39m: CONEXÃO EFETUADA COM BANCO DE DADOS
[2025-09-13 15:22:43] [32minfo[39m: [object Object]
[2025-09-13 15:22:43] [32minfo[39m: Processo de inicialização finalizado
[2025-09-13 15:22:49] [32minfo[39m: ✅ Server started on port 4000
[2025-09-13 15:22:49] [32minfo[39m: Node version: 16
[2025-09-13 15:22:49] [32minfo[39m: System: Altas - softmanager api
[2025-09-13 15:22:49] [32minfo[39m: Author: Clebson Santos - https://github.com/clebsonsantos
[2025-09-13 15:22:49] [32minfo[39m: CONEXÃO EFETUADA COM BANCO DE DADOS
[2025-09-13 15:22:49] [32minfo[39m: [object Object]
[2025-09-13 15:22:50] [32minfo[39m: Processo de inicialização finalizado
[2025-09-13 15:22:57] [32minfo[39m: ✅ Server started on port 4000
[2025-09-13 15:22:57] [32minfo[39m: Node version: 16
[2025-09-13 15:22:57] [32minfo[39m: System: Altas - softmanager api
[2025-09-13 15:22:57] [32minfo[39m: Author: Clebson Santos - https://github.com/clebsonsantos
[2025-09-13 15:22:58] [32minfo[39m: CONEXÃO EFETUADA COM BANCO DE DADOS
[2025-09-13 15:22:58] [32minfo[39m: [object JSON]
[2025-09-13 15:23:01] [32minfo[39m: ✅ Server started on port 4000
[2025-09-13 15:23:01] [32minfo[39m: Node version: 16
[2025-09-13 15:23:01] [32minfo[39m: System: Altas - softmanager api
[2025-09-13 15:23:01] [32minfo[39m: Author: Clebson Santos - https://github.com/clebsonsantos
[2025-09-13 15:23:01] [32minfo[39m: CONEXÃO EFETUADA COM BANCO DE DADOS
[2025-09-13 15:23:01] [32minfo[39m: {
  "type": "postgres",
  "port": 5000,
  "host": "localhost",
  "username": "postgres",
  "password": "docker",
  "database": "atlas",
  "entities": [
    "./src/entities/*.ts"
  ],
  "migrations": [
    "./src/database/migrations/*.ts"
  ],
  "cli": {
    "migrationsDir": "./src/database/migrations"
  },
  "baseDirectory": "/home/clebson/Documentos/www/ownmind/atlas-erp-backend"
}
[2025-09-13 15:23:01] [32minfo[39m: Processo de inicialização finalizado
[2025-09-13 15:23:16] [32minfo[39m: ✅ Server started on port 4000
[2025-09-13 15:23:16] [32minfo[39m: Node version: 16
[2025-09-13 15:23:16] [32minfo[39m: System: Altas - softmanager api
[2025-09-13 15:23:16] [32minfo[39m: Author: Clebson Santos - https://github.com/clebsonsantos
[2025-09-13 15:23:17] [32minfo[39m: CONEXÃO EFETUADA COM BANCO DE DADOS
[2025-09-13 15:23:17] [32minfo[39m: {
  "type": "postgres",
  "port": 5000,
  "host": "localhost",
  "username": "postgres",
  "password": "docker",
  "database": "atlas",
  "entities": [
    "./src/entities/*.ts"
  ],
  "migrations": [
    "./src/database/migrations/*.ts"
  ],
  "cli": {
    "migrationsDir": "./src/database/migrations"
  },
  "baseDirectory": "/home/clebson/Documentos/www/ownmind/atlas-erp-backend"
}
[2025-09-13 15:23:17] [32minfo[39m: Processo de inicialização finalizado
[2025-09-13 15:23:23] [32minfo[39m: ✅ Server started on port 4000
[2025-09-13 15:23:23] [32minfo[39m: Node version: 16
[2025-09-13 15:23:23] [32minfo[39m: System: Altas - softmanager api
[2025-09-13 15:23:23] [32minfo[39m: Author: Clebson Santos - https://github.com/clebsonsantos
[2025-09-13 15:23:23] [32minfo[39m: CONEXÃO EFETUADA COM BANCO DE DADOS
[2025-09-13 15:23:23] [32minfo[39m: "atlas"
[2025-09-13 15:23:23] [32minfo[39m: Processo de inicialização finalizado
[2025-09-13 15:23:36] [32minfo[39m: ✅ Server started on port 4000
[2025-09-13 15:23:36] [32minfo[39m: Node version: 16
[2025-09-13 15:23:36] [32minfo[39m: System: Altas - softmanager api
[2025-09-13 15:23:36] [32minfo[39m: Author: Clebson Santos - https://github.com/clebsonsantos
[2025-09-13 15:23:36] [32minfo[39m: CONEXÃO EFETUADA COM BANCO DE DADOS
[2025-09-13 15:23:36] [32minfo[39m: Data
[2025-09-13 15:23:36] [32minfo[39m: Processo de inicialização finalizado
[2025-09-13 15:23:38] [32minfo[39m: ✅ Server started on port 4000
[2025-09-13 15:23:38] [32minfo[39m: Node version: 16
[2025-09-13 15:23:38] [32minfo[39m: System: Altas - softmanager api
[2025-09-13 15:23:38] [32minfo[39m: Author: Clebson Santos - https://github.com/clebsonsantos
[2025-09-13 15:23:38] [32minfo[39m: CONEXÃO EFETUADA COM BANCO DE DADOS
[2025-09-13 15:23:38] [32minfo[39m: Database: atlas
[2025-09-13 15:23:38] [32minfo[39m: Processo de inicialização finalizado
[2025-09-13 15:25:22] [32minfo[39m: ✅ Server started on port 4000
[2025-09-13 15:25:22] [32minfo[39m: Node version: 16
[2025-09-13 15:25:22] [32minfo[39m: System: Altas - softmanager api
[2025-09-13 15:25:22] [32minfo[39m: Author: Clebson Santos - https://github.com/clebsonsantos
[2025-09-13 15:25:22] [32minfo[39m: CONEXÃO EFETUADA COM BANCO DE DADOS
[2025-09-13 15:25:22] [32minfo[39m: Database: atlas
[2025-09-13 15:25:22] [32minfo[39m: Processo de inicialização finalizado
[2025-09-13 15:25:48] [32minfo[39m: ✅ Server started on port 4000
[2025-09-13 15:25:48] [32minfo[39m: Node version: 16
[2025-09-13 15:25:48] [32minfo[39m: System: Altas - softmanager api
[2025-09-13 15:25:48] [32minfo[39m: Author: Clebson Santos - https://github.com/clebsonsantos
[2025-09-13 15:25:48] [32minfo[39m: CONEXÃO EFETUADA COM BANCO DE DADOS
[2025-09-13 15:25:48] [32minfo[39m: Database: atlas
[2025-09-13 15:25:48] [32minfo[39m: Processo de inicialização finalizado
[2025-09-13 15:25:56] [32minfo[39m: ✅ Server started on port 4000
[2025-09-13 15:25:56] [32minfo[39m: Node version: 16
[2025-09-13 15:25:56] [32minfo[39m: System: Altas - softmanager api
[2025-09-13 15:25:56] [32minfo[39m: Author: Clebson Santos - https://github.com/clebsonsantos
[2025-09-13 15:25:56] [32minfo[39m: CONEXÃO EFETUADA COM BANCO DE DADOS
[2025-09-13 15:25:56] [32minfo[39m: Database: atlas
[2025-09-13 15:25:56] [32minfo[39m: Processo de inicialização finalizado
[2025-09-13 15:25:58] [32minfo[39m: ✅ Server started on port 4000
[2025-09-13 15:25:58] [32minfo[39m: Node version: 16
[2025-09-13 15:25:58] [32minfo[39m: System: Altas - softmanager api
[2025-09-13 15:25:58] [32minfo[39m: Author: Clebson Santos - https://github.com/clebsonsantos
[2025-09-13 15:25:58] [32minfo[39m: CONEXÃO EFETUADA COM BANCO DE DADOS
[2025-09-13 15:25:58] [32minfo[39m: Database: atlas
[2025-09-13 15:25:58] [32minfo[39m: Processo de inicialização finalizado
[2025-09-13 15:26:12] [32minfo[39m: ✅ Server started on port 4000
[2025-09-13 15:26:12] [32minfo[39m: Node version: 16
[2025-09-13 15:26:12] [32minfo[39m: System: Altas - softmanager api
[2025-09-13 15:26:12] [32minfo[39m: Author: Clebson Santos - https://github.com/clebsonsantos
[2025-09-13 15:26:12] [32minfo[39m: CONEXÃO EFETUADA COM BANCO DE DADOS
[2025-09-13 15:26:12] [32minfo[39m: Database: atlas
[2025-09-13 15:26:12] [32minfo[39m: Processo de inicialização finalizado
[2025-09-13 15:26:16] [32minfo[39m: ✅ Server started on port 4000
[2025-09-13 15:26:16] [32minfo[39m: Node version: 16
[2025-09-13 15:26:16] [32minfo[39m: System: Altas - softmanager api
[2025-09-13 15:26:16] [32minfo[39m: Author: Clebson Santos - https://github.com/clebsonsantos
[2025-09-13 15:26:18] [32minfo[39m: ✅ Server started on port 4000
[2025-09-13 15:26:18] [32minfo[39m: Node version: 16
[2025-09-13 15:26:18] [32minfo[39m: System: Altas - softmanager api
[2025-09-13 15:26:18] [32minfo[39m: Author: Clebson Santos - https://github.com/clebsonsantos
[2025-09-13 15:26:18] [32minfo[39m: CONEXÃO EFETUADA COM BANCO DE DADOS
[2025-09-13 15:26:18] [32minfo[39m: Database: atlas
[2025-09-13 15:26:19] [32minfo[39m: Processo de inicialização finalizado
[2025-09-13 15:26:21] [32minfo[39m: ✅ Server started on port 4000
[2025-09-13 15:26:21] [32minfo[39m: Node version: 16
[2025-09-13 15:26:21] [32minfo[39m: System: Altas - softmanager api
[2025-09-13 15:26:21] [32minfo[39m: Author: Clebson Santos - https://github.com/clebsonsantos
[2025-09-13 15:26:21] [32minfo[39m: CONEXÃO EFETUADA COM BANCO DE DADOS
[2025-09-13 15:26:21] [32minfo[39m: Database: atlas
[2025-09-13 15:26:21] [32minfo[39m: Processo de inicialização finalizado
[2025-09-13 15:26:38] [32minfo[39m: ✅ Server started on port 4000
[2025-09-13 15:26:38] [32minfo[39m: Node version: 16
[2025-09-13 15:26:38] [32minfo[39m: System: Altas - softmanager api
[2025-09-13 15:26:38] [32minfo[39m: Author: Clebson Santos - https://github.com/clebsonsantos
[2025-09-13 15:26:38] [32minfo[39m: CONEXÃO EFETUADA COM BANCO DE DADOS
[2025-09-13 15:26:38] [32minfo[39m: Database: atlas
[2025-09-13 15:26:39] [32minfo[39m: Processo de inicialização finalizado
[2025-09-13 15:26:48] [32minfo[39m: ✅ Server started on port 4000
[2025-09-13 15:26:48] [32minfo[39m: Node version: 16
[2025-09-13 15:26:48] [32minfo[39m: System: Altas - softmanager api
[2025-09-13 15:26:48] [32minfo[39m: Author: Clebson Santos - https://github.com/clebsonsantos
[2025-09-13 15:26:51] [32minfo[39m: ✅ Server started on port 4000
[2025-09-13 15:26:51] [32minfo[39m: Node version: 16
[2025-09-13 15:26:51] [32minfo[39m: System: Altas - softmanager api
[2025-09-13 15:26:51] [32minfo[39m: Author: Clebson Santos - https://github.com/clebsonsantos
[2025-09-13 15:26:51] [32minfo[39m: CONEXÃO EFETUADA COM BANCO DE DADOS
[2025-09-13 15:26:51] [32minfo[39m: Database: atlas
[2025-09-13 15:26:51] [32minfo[39m: Processo de inicialização finalizado
[2025-09-13 15:26:59] [32minfo[39m: ✅ Server started on port 4000
[2025-09-13 15:26:59] [32minfo[39m: Node version: 16
[2025-09-13 15:26:59] [32minfo[39m: System: Altas - softmanager api
[2025-09-13 15:26:59] [32minfo[39m: Author: Clebson Santos - https://github.com/clebsonsantos
[2025-09-13 15:26:59] [32minfo[39m: CONEXÃO EFETUADA COM BANCO DE DADOS
[2025-09-13 15:26:59] [32minfo[39m: Database: atlas
[2025-09-13 15:27:00] [32minfo[39m: Processo de inicialização finalizado
[2025-09-13 15:27:03] [32minfo[39m: ✅ Server started on port 4000
[2025-09-13 15:27:03] [32minfo[39m: Node version: 16
[2025-09-13 15:27:03] [32minfo[39m: System: Altas - softmanager api
[2025-09-13 15:27:03] [32minfo[39m: Author: Clebson Santos - https://github.com/clebsonsantos
[2025-09-13 15:27:03] [32minfo[39m: CONEXÃO EFETUADA COM BANCO DE DADOS
[2025-09-13 15:27:03] [32minfo[39m: Database: atlas
[2025-09-13 15:27:04] [32minfo[39m: Processo de inicialização finalizado
[2025-09-13 15:27:11] [32minfo[39m: ✅ Server started on port 4000
[2025-09-13 15:27:11] [32minfo[39m: Node version: 16
[2025-09-13 15:27:11] [32minfo[39m: System: Altas - softmanager api
[2025-09-13 15:27:11] [32minfo[39m: Author: Clebson Santos - https://github.com/clebsonsantos
[2025-09-13 15:27:11] [32minfo[39m: CONEXÃO EFETUADA COM BANCO DE DADOS
[2025-09-13 15:27:11] [32minfo[39m: Database: atlas
[2025-09-13 15:27:11] [32minfo[39m: Processo de inicialização finalizado
[2025-09-13 15:27:24] [32minfo[39m: ✅ Server started on port 4000
[2025-09-13 15:27:24] [32minfo[39m: Node version: 16
[2025-09-13 15:27:24] [32minfo[39m: System: Altas - softmanager api
[2025-09-13 15:27:24] [32minfo[39m: Author: Clebson Santos - https://github.com/clebsonsantos
[2025-09-13 15:27:24] [32minfo[39m: CONEXÃO EFETUADA COM BANCO DE DADOS
[2025-09-13 15:27:24] [32minfo[39m: Database: atlas
[2025-09-13 15:27:24] [32minfo[39m: Processo de inicialização finalizado
[2025-09-13 15:27:27] [32minfo[39m: ✅ Server started on port 4000
[2025-09-13 15:27:27] [32minfo[39m: Node version: 16
[2025-09-13 15:27:27] [32minfo[39m: System: Altas - softmanager api
[2025-09-13 15:27:27] [32minfo[39m: Author: Clebson Santos - https://github.com/clebsonsantos
[2025-09-13 15:27:27] [32minfo[39m: CONEXÃO EFETUADA COM BANCO DE DADOS
[2025-09-13 15:27:27] [32minfo[39m: Database: atlas
[2025-09-13 15:27:27] [32minfo[39m: Processo de inicialização finalizado
[2025-09-13 15:27:35] [32minfo[39m: ✅ Server started on port 4000
[2025-09-13 15:27:35] [32minfo[39m: Node version: 16
[2025-09-13 15:27:35] [32minfo[39m: System: Altas - softmanager api
[2025-09-13 15:27:35] [32minfo[39m: Author: Clebson Santos - https://github.com/clebsonsantos
[2025-09-13 15:27:39] [32minfo[39m: ✅ Server started on port 4000
[2025-09-13 15:27:39] [32minfo[39m: Node version: 16
[2025-09-13 15:27:39] [32minfo[39m: System: Altas - softmanager api
[2025-09-13 15:27:39] [32minfo[39m: Author: Clebson Santos - https://github.com/clebsonsantos
[2025-09-13 15:27:39] [32minfo[39m: CONEXÃO EFETUADA COM BANCO DE DADOS
[2025-09-13 15:27:39] [32minfo[39m: Database: atlas
[2025-09-13 15:27:40] [32minfo[39m: Processo de inicialização finalizado
[2025-09-13 15:27:54] [32minfo[39m: ✅ Server started on port 4000
[2025-09-13 15:27:54] [32minfo[39m: Node version: 16
[2025-09-13 15:27:54] [32minfo[39m: System: Altas - softmanager api
[2025-09-13 15:27:54] [32minfo[39m: Author: Clebson Santos - https://github.com/clebsonsantos
[2025-09-13 15:27:54] [32minfo[39m: CONEXÃO EFETUADA COM BANCO DE DADOS
[2025-09-13 15:27:54] [32minfo[39m: Database: atlas
[2025-09-13 15:27:54] [32minfo[39m: Processo de inicialização finalizado
[2025-09-13 15:28:02] [32minfo[39m: ✅ Server started on port 4000
[2025-09-13 15:28:02] [32minfo[39m: Node version: 16
[2025-09-13 15:28:02] [32minfo[39m: System: Altas - softmanager api
[2025-09-13 15:28:02] [32minfo[39m: Author: Clebson Santos - https://github.com/clebsonsantos
[2025-09-13 15:28:02] [32minfo[39m: CONEXÃO EFETUADA COM BANCO DE DADOS
[2025-09-13 15:28:02] [32minfo[39m: Database: atlas
[2025-09-13 15:28:02] [32minfo[39m: Processo de inicialização finalizado
[2025-09-13 15:28:06] [32minfo[39m: ✅ Server started on port 4000
[2025-09-13 15:28:06] [32minfo[39m: Node version: 16
[2025-09-13 15:28:06] [32minfo[39m: System: Altas - softmanager api
[2025-09-13 15:28:06] [32minfo[39m: Author: Clebson Santos - https://github.com/clebsonsantos
[2025-09-13 15:28:06] [32minfo[39m: CONEXÃO EFETUADA COM BANCO DE DADOS
[2025-09-13 15:28:06] [32minfo[39m: Database: atlas
[2025-09-13 15:28:06] [32minfo[39m: Processo de inicialização finalizado
[2025-09-13 15:28:13] [32minfo[39m: ✅ Server started on port 4000
[2025-09-13 15:28:13] [32minfo[39m: Node version: 16
[2025-09-13 15:28:13] [32minfo[39m: System: Altas - softmanager api
[2025-09-13 15:28:13] [32minfo[39m: Author: Clebson Santos - https://github.com/clebsonsantos
[2025-09-13 15:28:13] [32minfo[39m: CONEXÃO EFETUADA COM BANCO DE DADOS
[2025-09-13 15:28:13] [32minfo[39m: Database: atlas
[2025-09-13 15:28:13] [32minfo[39m: Processo de inicialização finalizado
[2025-09-13 15:28:19] [32minfo[39m: ✅ Server started on port 4000
[2025-09-13 15:28:19] [32minfo[39m: Node version: 16
[2025-09-13 15:28:19] [32minfo[39m: System: Altas - softmanager api
[2025-09-13 15:28:19] [32minfo[39m: Author: Clebson Santos - https://github.com/clebsonsantos
[2025-09-13 15:28:20] [32minfo[39m: CONEXÃO EFETUADA COM BANCO DE DADOS
[2025-09-13 15:28:20] [32minfo[39m: Database: atlas
[2025-09-13 15:28:20] [32minfo[39m: Processo de inicialização finalizado
[2025-09-13 15:28:24] [32minfo[39m: ✅ Server started on port 4000
[2025-09-13 15:28:24] [32minfo[39m: Node version: 16
[2025-09-13 15:28:24] [32minfo[39m: System: Altas - softmanager api
[2025-09-13 15:28:24] [32minfo[39m: Author: Clebson Santos - https://github.com/clebsonsantos
[2025-09-13 15:28:25] [32minfo[39m: CONEXÃO EFETUADA COM BANCO DE DADOS
[2025-09-13 15:28:25] [32minfo[39m: Database: atlas
[2025-09-13 15:28:25] [32minfo[39m: Processo de inicialização finalizado
[2025-09-13 15:28:31] [32minfo[39m: ✅ Server started on port 4000
[2025-09-13 15:28:31] [32minfo[39m: Node version: 16
[2025-09-13 15:28:31] [32minfo[39m: System: Altas - softmanager api
[2025-09-13 15:28:31] [32minfo[39m: Author: Clebson Santos - https://github.com/clebsonsantos
[2025-09-13 15:28:33] [32minfo[39m: ✅ Server started on port 4000
[2025-09-13 15:28:33] [32minfo[39m: Node version: 16
[2025-09-13 15:28:33] [32minfo[39m: System: Altas - softmanager api
[2025-09-13 15:28:33] [32minfo[39m: Author: Clebson Santos - https://github.com/clebsonsantos
[2025-09-13 15:28:33] [32minfo[39m: CONEXÃO EFETUADA COM BANCO DE DADOS
[2025-09-13 15:28:33] [32minfo[39m: Database: atlas
[2025-09-13 15:28:33] [32minfo[39m: Processo de inicialização finalizado
[2025-09-13 15:28:47] [32minfo[39m: ✅ Server started on port 4000
[2025-09-13 15:28:47] [32minfo[39m: Node version: 16
[2025-09-13 15:28:47] [32minfo[39m: System: Altas - softmanager api
[2025-09-13 15:28:47] [32minfo[39m: Author: Clebson Santos - https://github.com/clebsonsantos
[2025-09-13 15:28:47] [32minfo[39m: CONEXÃO EFETUADA COM BANCO DE DADOS
[2025-09-13 15:28:47] [32minfo[39m: Database: atlas
[2025-09-13 15:28:47] [32minfo[39m: Processo de inicialização finalizado
[2025-09-13 15:28:51] [32minfo[39m: ✅ Server started on port 4000
[2025-09-13 15:28:51] [32minfo[39m: Node version: 16
[2025-09-13 15:28:51] [32minfo[39m: System: Altas - softmanager api
[2025-09-13 15:28:51] [32minfo[39m: Author: Clebson Santos - https://github.com/clebsonsantos
[2025-09-13 15:28:51] [32minfo[39m: CONEXÃO EFETUADA COM BANCO DE DADOS
[2025-09-13 15:28:51] [32minfo[39m: Database: atlas
[2025-09-13 15:28:51] [32minfo[39m: Processo de inicialização finalizado
[2025-09-13 15:28:55] [32minfo[39m: ✅ Server started on port 4000
[2025-09-13 15:28:55] [32minfo[39m: Node version: 16
[2025-09-13 15:28:55] [32minfo[39m: System: Altas - softmanager api
[2025-09-13 15:28:55] [32minfo[39m: Author: Clebson Santos - https://github.com/clebsonsantos
[2025-09-13 15:28:55] [32minfo[39m: CONEXÃO EFETUADA COM BANCO DE DADOS
[2025-09-13 15:28:55] [32minfo[39m: Database: atlas
[2025-09-13 15:28:55] [32minfo[39m: Processo de inicialização finalizado
[2025-09-13 15:29:02] [32minfo[39m: ✅ Server started on port 4000
[2025-09-13 15:29:02] [32minfo[39m: Node version: 16
[2025-09-13 15:29:02] [32minfo[39m: System: Altas - softmanager api
[2025-09-13 15:29:02] [32minfo[39m: Author: Clebson Santos - https://github.com/clebsonsantos
[2025-09-13 15:29:02] [32minfo[39m: CONEXÃO EFETUADA COM BANCO DE DADOS
[2025-09-13 15:29:02] [32minfo[39m: Database: atlas
[2025-09-13 15:29:02] [32minfo[39m: Processo de inicialização finalizado
[2025-09-13 15:29:07] [32minfo[39m: ✅ Server started on port 4000
[2025-09-13 15:29:07] [32minfo[39m: Node version: 16
[2025-09-13 15:29:07] [32minfo[39m: System: Altas - softmanager api
[2025-09-13 15:29:07] [32minfo[39m: Author: Clebson Santos - https://github.com/clebsonsantos
[2025-09-13 15:29:07] [32minfo[39m: CONEXÃO EFETUADA COM BANCO DE DADOS
[2025-09-13 15:29:07] [32minfo[39m: Database: atlas
[2025-09-13 15:29:07] [32minfo[39m: Processo de inicialização finalizado
[2025-09-13 15:29:17] [32minfo[39m: ✅ Server started on port 4000
[2025-09-13 15:29:17] [32minfo[39m: Node version: 16
[2025-09-13 15:29:17] [32minfo[39m: System: Altas - softmanager api
[2025-09-13 15:29:17] [32minfo[39m: Author: Clebson Santos - https://github.com/clebsonsantos
[2025-09-13 15:29:18] [32minfo[39m: CONEXÃO EFETUADA COM BANCO DE DADOS
[2025-09-13 15:29:18] [32minfo[39m: Database: atlas
[2025-09-13 15:29:18] [32minfo[39m: Processo de inicialização finalizado
[2025-09-13 15:29:30] [32minfo[39m: ✅ Server started on port 4000
[2025-09-13 15:29:30] [32minfo[39m: Node version: 16
[2025-09-13 15:29:30] [32minfo[39m: System: Altas - softmanager api
[2025-09-13 15:29:30] [32minfo[39m: Author: Clebson Santos - https://github.com/clebsonsantos
[2025-09-13 15:29:32] [32minfo[39m: ✅ Server started on port 4000
[2025-09-13 15:29:32] [32minfo[39m: Node version: 16
[2025-09-13 15:29:32] [32minfo[39m: System: Altas - softmanager api
[2025-09-13 15:29:32] [32minfo[39m: Author: Clebson Santos - https://github.com/clebsonsantos
[2025-09-13 15:29:33] [32minfo[39m: CONEXÃO EFETUADA COM BANCO DE DADOS
[2025-09-13 15:29:33] [32minfo[39m: Database: atlas
[2025-09-13 15:29:33] [32minfo[39m: Processo de inicialização finalizado
[2025-09-13 15:29:36] [32minfo[39m: ✅ Server started on port 4000
[2025-09-13 15:29:36] [32minfo[39m: Node version: 16
[2025-09-13 15:29:36] [32minfo[39m: System: Altas - softmanager api
[2025-09-13 15:29:36] [32minfo[39m: Author: Clebson Santos - https://github.com/clebsonsantos
[2025-09-13 15:29:36] [32minfo[39m: CONEXÃO EFETUADA COM BANCO DE DADOS
[2025-09-13 15:29:36] [32minfo[39m: Database: atlas
[2025-09-13 15:29:36] [32minfo[39m: Processo de inicialização finalizado
[2025-09-13 15:29:43] [32minfo[39m: ✅ Server started on port 4000
[2025-09-13 15:29:43] [32minfo[39m: Node version: 16
[2025-09-13 15:29:43] [32minfo[39m: System: Altas - softmanager api
[2025-09-13 15:29:43] [32minfo[39m: Author: Clebson Santos - https://github.com/clebsonsantos
[2025-09-13 15:29:44] [32minfo[39m: CONEXÃO EFETUADA COM BANCO DE DADOS
[2025-09-13 15:29:44] [32minfo[39m: Database: atlas
[2025-09-13 15:29:44] [32minfo[39m: Processo de inicialização finalizado
[2025-09-13 15:29:51] [32minfo[39m: ✅ Server started on port 4000
[2025-09-13 15:29:51] [32minfo[39m: Node version: 16
[2025-09-13 15:29:51] [32minfo[39m: System: Altas - softmanager api
[2025-09-13 15:29:51] [32minfo[39m: Author: Clebson Santos - https://github.com/clebsonsantos
[2025-09-13 15:29:51] [32minfo[39m: CONEXÃO EFETUADA COM BANCO DE DADOS
[2025-09-13 15:29:51] [32minfo[39m: Database: atlas
[2025-09-13 15:29:51] [32minfo[39m: Processo de inicialização finalizado
[2025-09-13 15:30:20] [32minfo[39m: ✅ Server started on port 4000
[2025-09-13 15:30:20] [32minfo[39m: Node version: 16
[2025-09-13 15:30:20] [32minfo[39m: System: Altas - softmanager api
[2025-09-13 15:30:20] [32minfo[39m: Author: Clebson Santos - https://github.com/clebsonsantos
[2025-09-13 15:30:22] [32minfo[39m: ✅ Server started on port 4000
[2025-09-13 15:30:22] [32minfo[39m: Node version: 16
[2025-09-13 15:30:22] [32minfo[39m: System: Altas - softmanager api
[2025-09-13 15:30:22] [32minfo[39m: Author: Clebson Santos - https://github.com/clebsonsantos
[2025-09-13 15:30:22] [32minfo[39m: CONEXÃO EFETUADA COM BANCO DE DADOS
[2025-09-13 15:30:22] [32minfo[39m: Database: atlas
[2025-09-13 15:30:22] [32minfo[39m: Processo de inicialização finalizado
[2025-09-13 15:30:28] [32minfo[39m: ✅ Server started on port 4000
[2025-09-13 15:30:28] [32minfo[39m: Node version: 16
[2025-09-13 15:30:28] [32minfo[39m: System: Altas - softmanager api
[2025-09-13 15:30:28] [32minfo[39m: Author: Clebson Santos - https://github.com/clebsonsantos
[2025-09-13 15:30:28] [32minfo[39m: CONEXÃO EFETUADA COM BANCO DE DADOS
[2025-09-13 15:30:28] [32minfo[39m: Database: atlas
[2025-09-13 15:30:28] [32minfo[39m: Processo de inicialização finalizado
[2025-09-13 15:30:36] [32minfo[39m: ✅ Server started on port 4000
[2025-09-13 15:30:36] [32minfo[39m: Node version: 16
[2025-09-13 15:30:36] [32minfo[39m: System: Altas - softmanager api
[2025-09-13 15:30:36] [32minfo[39m: Author: Clebson Santos - https://github.com/clebsonsantos
[2025-09-13 15:30:36] [32minfo[39m: CONEXÃO EFETUADA COM BANCO DE DADOS
[2025-09-13 15:30:36] [32minfo[39m: Database: atlas
[2025-09-13 15:30:36] [32minfo[39m: Processo de inicialização finalizado
[2025-09-13 15:30:43] [32minfo[39m: ✅ Server started on port 4000
[2025-09-13 15:30:43] [32minfo[39m: Node version: 16
[2025-09-13 15:30:43] [32minfo[39m: System: Altas - softmanager api
[2025-09-13 15:30:43] [32minfo[39m: Author: Clebson Santos - https://github.com/clebsonsantos
[2025-09-13 15:30:46] [32minfo[39m: ✅ Server started on port 4000
[2025-09-13 15:30:46] [32minfo[39m: Node version: 16
[2025-09-13 15:30:46] [32minfo[39m: System: Altas - softmanager api
[2025-09-13 15:30:46] [32minfo[39m: Author: Clebson Santos - https://github.com/clebsonsantos
[2025-09-13 15:30:49] [32minfo[39m: ✅ Server started on port 4000
[2025-09-13 15:30:49] [32minfo[39m: Node version: 16
[2025-09-13 15:30:49] [32minfo[39m: System: Altas - softmanager api
[2025-09-13 15:30:49] [32minfo[39m: Author: Clebson Santos - https://github.com/clebsonsantos
[2025-09-13 15:30:50] [32minfo[39m: CONEXÃO EFETUADA COM BANCO DE DADOS
[2025-09-13 15:30:50] [32minfo[39m: Database: atlas
[2025-09-13 15:30:53] [32minfo[39m: ✅ Server started on port 4000
[2025-09-13 15:30:53] [32minfo[39m: Node version: 16
[2025-09-13 15:30:53] [32minfo[39m: System: Altas - softmanager api
[2025-09-13 15:30:53] [32minfo[39m: Author: Clebson Santos - https://github.com/clebsonsantos
[2025-09-13 15:30:54] [32minfo[39m: CONEXÃO EFETUADA COM BANCO DE DADOS
[2025-09-13 15:30:54] [32minfo[39m: Database: atlas
[2025-09-13 15:30:54] [32minfo[39m: Processo de inicialização finalizado
[2025-09-13 15:30:58] [32minfo[39m: ✅ Server started on port 4000
[2025-09-13 15:30:58] [32minfo[39m: Node version: 16
[2025-09-13 15:30:58] [32minfo[39m: System: Altas - softmanager api
[2025-09-13 15:30:58] [32minfo[39m: Author: Clebson Santos - https://github.com/clebsonsantos
[2025-09-13 15:30:58] [32minfo[39m: CONEXÃO EFETUADA COM BANCO DE DADOS
[2025-09-13 15:30:58] [32minfo[39m: Database: atlas
[2025-09-13 15:30:58] [32minfo[39m: Processo de inicialização finalizado
[2025-09-13 15:31:05] [32minfo[39m: ✅ Server started on port 4000
[2025-09-13 15:31:05] [32minfo[39m: Node version: 16
[2025-09-13 15:31:05] [32minfo[39m: System: Altas - softmanager api
[2025-09-13 15:31:05] [32minfo[39m: Author: Clebson Santos - https://github.com/clebsonsantos
[2025-09-13 15:31:06] [32minfo[39m: CONEXÃO EFETUADA COM BANCO DE DADOS
[2025-09-13 15:31:06] [32minfo[39m: Database: atlas
[2025-09-13 15:31:06] [32minfo[39m: Processo de inicialização finalizado
[2025-09-13 15:31:11] [32minfo[39m: ✅ Server started on port 4000
[2025-09-13 15:31:11] [32minfo[39m: Node version: 16
[2025-09-13 15:31:11] [32minfo[39m: System: Altas - softmanager api
[2025-09-13 15:31:11] [32minfo[39m: Author: Clebson Santos - https://github.com/clebsonsantos
[2025-09-13 15:31:11] [32minfo[39m: CONEXÃO EFETUADA COM BANCO DE DADOS
[2025-09-13 15:31:11] [32minfo[39m: Database: atlas
[2025-09-13 15:31:11] [32minfo[39m: Processo de inicialização finalizado
[2025-09-13 15:31:19] [32minfo[39m: ✅ Server started on port 4000
[2025-09-13 15:31:19] [32minfo[39m: Node version: 16
[2025-09-13 15:31:19] [32minfo[39m: System: Altas - softmanager api
[2025-09-13 15:31:19] [32minfo[39m: Author: Clebson Santos - https://github.com/clebsonsantos
[2025-09-13 15:31:20] [32minfo[39m: CONEXÃO EFETUADA COM BANCO DE DADOS
[2025-09-13 15:31:20] [32minfo[39m: Database: atlas
[2025-09-13 15:31:20] [32minfo[39m: Processo de inicialização finalizado
[2025-09-13 15:31:23] [32minfo[39m: ✅ Server started on port 4000
[2025-09-13 15:31:23] [32minfo[39m: Node version: 16
[2025-09-13 15:31:23] [32minfo[39m: System: Altas - softmanager api
[2025-09-13 15:31:23] [32minfo[39m: Author: Clebson Santos - https://github.com/clebsonsantos
[2025-09-13 15:31:23] [32minfo[39m: CONEXÃO EFETUADA COM BANCO DE DADOS
[2025-09-13 15:31:23] [32minfo[39m: Database: atlas
[2025-09-13 15:31:23] [32minfo[39m: Processo de inicialização finalizado
[2025-09-13 15:31:25] [32minfo[39m: ✅ Server started on port 4000
[2025-09-13 15:31:25] [32minfo[39m: Node version: 16
[2025-09-13 15:31:25] [32minfo[39m: System: Altas - softmanager api
[2025-09-13 15:31:25] [32minfo[39m: Author: Clebson Santos - https://github.com/clebsonsantos
[2025-09-13 15:31:25] [32minfo[39m: CONEXÃO EFETUADA COM BANCO DE DADOS
[2025-09-13 15:31:25] [32minfo[39m: Database: atlas
[2025-09-13 15:31:25] [32minfo[39m: Processo de inicialização finalizado
[2025-09-13 15:31:32] [32minfo[39m: ✅ Server started on port 4000
[2025-09-13 15:31:32] [32minfo[39m: Node version: 16
[2025-09-13 15:31:32] [32minfo[39m: System: Altas - softmanager api
[2025-09-13 15:31:32] [32minfo[39m: Author: Clebson Santos - https://github.com/clebsonsantos
[2025-09-13 15:31:32] [32minfo[39m: CONEXÃO EFETUADA COM BANCO DE DADOS
[2025-09-13 15:31:32] [32minfo[39m: Database: atlas
[2025-09-13 15:31:32] [32minfo[39m: Processo de inicialização finalizado
[2025-09-13 15:31:35] [32minfo[39m: ✅ Server started on port 4000
[2025-09-13 15:31:35] [32minfo[39m: Node version: 16
[2025-09-13 15:31:35] [32minfo[39m: System: Altas - softmanager api
[2025-09-13 15:31:35] [32minfo[39m: Author: Clebson Santos - https://github.com/clebsonsantos
[2025-09-13 15:31:35] [32minfo[39m: CONEXÃO EFETUADA COM BANCO DE DADOS
[2025-09-13 15:31:35] [32minfo[39m: Database: atlas
[2025-09-13 15:31:35] [32minfo[39m: Processo de inicialização finalizado
[2025-09-13 15:31:37] [32minfo[39m: ✅ Server started on port 4000
[2025-09-13 15:31:37] [32minfo[39m: Node version: 16
[2025-09-13 15:31:37] [32minfo[39m: System: Altas - softmanager api
[2025-09-13 15:31:37] [32minfo[39m: Author: Clebson Santos - https://github.com/clebsonsantos
[2025-09-13 15:31:37] [32minfo[39m: CONEXÃO EFETUADA COM BANCO DE DADOS
[2025-09-13 15:31:37] [32minfo[39m: Database: atlas
[2025-09-13 15:31:37] [32minfo[39m: Processo de inicialização finalizado
[2025-09-13 15:31:40] [32minfo[39m: ✅ Server started on port 4000
[2025-09-13 15:31:40] [32minfo[39m: Node version: 16
[2025-09-13 15:31:40] [32minfo[39m: System: Altas - softmanager api
[2025-09-13 15:31:40] [32minfo[39m: Author: Clebson Santos - https://github.com/clebsonsantos
[2025-09-13 15:31:41] [32minfo[39m: CONEXÃO EFETUADA COM BANCO DE DADOS
[2025-09-13 15:31:41] [32minfo[39m: Database: atlas
[2025-09-13 15:31:41] [32minfo[39m: Processo de inicialização finalizado
[2025-09-13 15:31:44] [32minfo[39m: ✅ Server started on port 4000
[2025-09-13 15:31:44] [32minfo[39m: Node version: 16
[2025-09-13 15:31:44] [32minfo[39m: System: Altas - softmanager api
[2025-09-13 15:31:44] [32minfo[39m: Author: Clebson Santos - https://github.com/clebsonsantos
[2025-09-13 15:31:44] [32minfo[39m: CONEXÃO EFETUADA COM BANCO DE DADOS
[2025-09-13 15:31:44] [32minfo[39m: Database: atlas
[2025-09-13 15:31:44] [32minfo[39m: Processo de inicialização finalizado
[2025-09-13 15:31:45] [32minfo[39m: ✅ Server started on port 4000
[2025-09-13 15:31:45] [32minfo[39m: Node version: 16
[2025-09-13 15:31:45] [32minfo[39m: System: Altas - softmanager api
[2025-09-13 15:31:45] [32minfo[39m: Author: Clebson Santos - https://github.com/clebsonsantos
[2025-09-13 15:31:47] [32minfo[39m: ✅ Server started on port 4000
[2025-09-13 15:31:47] [32minfo[39m: Node version: 16
[2025-09-13 15:31:47] [32minfo[39m: System: Altas - softmanager api
[2025-09-13 15:31:47] [32minfo[39m: Author: Clebson Santos - https://github.com/clebsonsantos
[2025-09-13 15:31:48] [32minfo[39m: CONEXÃO EFETUADA COM BANCO DE DADOS
[2025-09-13 15:31:48] [32minfo[39m: Database: atlas
[2025-09-13 15:31:48] [32minfo[39m: Processo de inicialização finalizado
[2025-09-13 15:31:52] [32minfo[39m: ✅ Server started on port 4000
[2025-09-13 15:31:52] [32minfo[39m: Node version: 16
[2025-09-13 15:31:52] [32minfo[39m: System: Altas - softmanager api
[2025-09-13 15:31:52] [32minfo[39m: Author: Clebson Santos - https://github.com/clebsonsantos
[2025-09-13 15:31:52] [32minfo[39m: CONEXÃO EFETUADA COM BANCO DE DADOS
[2025-09-13 15:31:52] [32minfo[39m: Database: atlas
[2025-09-13 15:31:52] [32minfo[39m: Processo de inicialização finalizado
[2025-09-13 15:32:05] [32minfo[39m: ✅ Server started on port 4000
[2025-09-13 15:32:05] [32minfo[39m: Node version: 16
[2025-09-13 15:32:05] [32minfo[39m: System: Altas - softmanager api
[2025-09-13 15:32:05] [32minfo[39m: Author: Clebson Santos - https://github.com/clebsonsantos
[2025-09-13 15:32:05] [32minfo[39m: CONEXÃO EFETUADA COM BANCO DE DADOS
[2025-09-13 15:32:05] [32minfo[39m: Database: atlas
[2025-09-13 15:32:05] [32minfo[39m: Processo de inicialização finalizado
[2025-09-13 15:32:07] [32minfo[39m: ✅ Server started on port 4000
[2025-09-13 15:32:07] [32minfo[39m: Node version: 16
[2025-09-13 15:32:07] [32minfo[39m: System: Altas - softmanager api
[2025-09-13 15:32:07] [32minfo[39m: Author: Clebson Santos - https://github.com/clebsonsantos
[2025-09-13 15:32:07] [32minfo[39m: CONEXÃO EFETUADA COM BANCO DE DADOS
[2025-09-13 15:32:07] [32minfo[39m: Database: atlas
[2025-09-13 15:32:07] [32minfo[39m: Processo de inicialização finalizado
[2025-09-13 15:32:09] [32minfo[39m: ✅ Server started on port 4000
[2025-09-13 15:32:09] [32minfo[39m: Node version: 16
[2025-09-13 15:32:09] [32minfo[39m: System: Altas - softmanager api
[2025-09-13 15:32:09] [32minfo[39m: Author: Clebson Santos - https://github.com/clebsonsantos
[2025-09-13 15:32:09] [32minfo[39m: CONEXÃO EFETUADA COM BANCO DE DADOS
[2025-09-13 15:32:09] [32minfo[39m: Database: atlas
[2025-09-13 15:32:09] [32minfo[39m: Processo de inicialização finalizado
[2025-09-13 15:32:36] [32minfo[39m: ✅ Server started on port 4000
[2025-09-13 15:32:36] [32minfo[39m: Node version: 16
[2025-09-13 15:32:36] [32minfo[39m: System: Altas - softmanager api
[2025-09-13 15:32:36] [32minfo[39m: Author: Clebson Santos - https://github.com/clebsonsantos
[2025-09-13 15:32:38] [32minfo[39m: ✅ Server started on port 4000
[2025-09-13 15:32:38] [32minfo[39m: Node version: 16
[2025-09-13 15:32:38] [32minfo[39m: System: Altas - softmanager api
[2025-09-13 15:32:38] [32minfo[39m: Author: Clebson Santos - https://github.com/clebsonsantos
[2025-09-13 15:32:39] [32minfo[39m: CONEXÃO EFETUADA COM BANCO DE DADOS
[2025-09-13 15:32:39] [32minfo[39m: Database: atlas
[2025-09-13 15:32:39] [32minfo[39m: Processo de inicialização finalizado
[2025-09-13 15:32:43] [32minfo[39m: ✅ Server started on port 4000
[2025-09-13 15:32:43] [32minfo[39m: Node version: 16
[2025-09-13 15:32:43] [32minfo[39m: System: Altas - softmanager api
[2025-09-13 15:32:43] [32minfo[39m: Author: Clebson Santos - https://github.com/clebsonsantos
[2025-09-13 15:32:45] [32minfo[39m: ✅ Server started on port 4000
[2025-09-13 15:32:45] [32minfo[39m: Node version: 16
[2025-09-13 15:32:45] [32minfo[39m: System: Altas - softmanager api
[2025-09-13 15:32:45] [32minfo[39m: Author: Clebson Santos - https://github.com/clebsonsantos
[2025-09-13 15:32:50] [32minfo[39m: ✅ Server started on port 4000
[2025-09-13 15:32:50] [32minfo[39m: Node version: 16
[2025-09-13 15:32:50] [32minfo[39m: System: Altas - softmanager api
[2025-09-13 15:32:50] [32minfo[39m: Author: Clebson Santos - https://github.com/clebsonsantos
[2025-09-13 15:32:50] [32minfo[39m: CONEXÃO EFETUADA COM BANCO DE DADOS
[2025-09-13 15:32:50] [32minfo[39m: Database: atlas
[2025-09-13 15:32:50] [32minfo[39m: Processo de inicialização finalizado
[2025-09-13 15:32:54] [32minfo[39m: ✅ Server started on port 4000
[2025-09-13 15:32:54] [32minfo[39m: Node version: 16
[2025-09-13 15:32:54] [32minfo[39m: System: Altas - softmanager api
[2025-09-13 15:32:54] [32minfo[39m: Author: Clebson Santos - https://github.com/clebsonsantos
[2025-09-13 15:32:54] [32minfo[39m: CONEXÃO EFETUADA COM BANCO DE DADOS
[2025-09-13 15:32:54] [32minfo[39m: Database: atlas
[2025-09-13 15:32:54] [32minfo[39m: Processo de inicialização finalizado
[2025-09-13 15:33:09] [32minfo[39m: ✅ Server started on port 4000
[2025-09-13 15:33:09] [32minfo[39m: Node version: 16
[2025-09-13 15:33:09] [32minfo[39m: System: Altas - softmanager api
[2025-09-13 15:33:09] [32minfo[39m: Author: Clebson Santos - https://github.com/clebsonsantos
[2025-09-13 15:33:09] [32minfo[39m: CONEXÃO EFETUADA COM BANCO DE DADOS
[2025-09-13 15:33:09] [32minfo[39m: Database: atlas
[2025-09-13 15:33:09] [32minfo[39m: Processo de inicialização finalizado
[2025-09-13 15:33:11] [32minfo[39m: ✅ Server started on port 4000
[2025-09-13 15:33:11] [32minfo[39m: Node version: 16
[2025-09-13 15:33:11] [32minfo[39m: System: Altas - softmanager api
[2025-09-13 15:33:11] [32minfo[39m: Author: Clebson Santos - https://github.com/clebsonsantos
[2025-09-13 15:33:11] [32minfo[39m: CONEXÃO EFETUADA COM BANCO DE DADOS
[2025-09-13 15:33:11] [32minfo[39m: Database: atlas
[2025-09-13 15:33:11] [32minfo[39m: Processo de inicialização finalizado
[2025-09-13 15:33:14] [32minfo[39m: ✅ Server started on port 4000
[2025-09-13 15:33:14] [32minfo[39m: Node version: 16
[2025-09-13 15:33:14] [32minfo[39m: System: Altas - softmanager api
[2025-09-13 15:33:14] [32minfo[39m: Author: Clebson Santos - https://github.com/clebsonsantos
[2025-09-13 15:33:14] [32minfo[39m: CONEXÃO EFETUADA COM BANCO DE DADOS
[2025-09-13 15:33:14] [32minfo[39m: Database: atlas
[2025-09-13 15:33:14] [32minfo[39m: Processo de inicialização finalizado
[2025-09-13 15:33:16] [32minfo[39m: ✅ Server started on port 4000
[2025-09-13 15:33:16] [32minfo[39m: Node version: 16
[2025-09-13 15:33:16] [32minfo[39m: System: Altas - softmanager api
[2025-09-13 15:33:16] [32minfo[39m: Author: Clebson Santos - https://github.com/clebsonsantos
[2025-09-13 15:33:16] [32minfo[39m: CONEXÃO EFETUADA COM BANCO DE DADOS
[2025-09-13 15:33:16] [32minfo[39m: Database: atlas
[2025-09-13 15:33:16] [32minfo[39m: Processo de inicialização finalizado
[2025-09-13 15:33:20] [32minfo[39m: ✅ Server started on port 4000
[2025-09-13 15:33:20] [32minfo[39m: Node version: 16
[2025-09-13 15:33:20] [32minfo[39m: System: Altas - softmanager api
[2025-09-13 15:33:20] [32minfo[39m: Author: Clebson Santos - https://github.com/clebsonsantos
[2025-09-13 15:33:21] [32minfo[39m: CONEXÃO EFETUADA COM BANCO DE DADOS
[2025-09-13 15:33:21] [32minfo[39m: Database: atlas
[2025-09-13 15:33:21] [32minfo[39m: Processo de inicialização finalizado
[2025-09-13 15:33:24] [32minfo[39m: ✅ Server started on port 4000
[2025-09-13 15:33:24] [32minfo[39m: Node version: 16
[2025-09-13 15:33:24] [32minfo[39m: System: Altas - softmanager api
[2025-09-13 15:33:24] [32minfo[39m: Author: Clebson Santos - https://github.com/clebsonsantos
[2025-09-13 15:33:25] [32minfo[39m: CONEXÃO EFETUADA COM BANCO DE DADOS
[2025-09-13 15:33:25] [32minfo[39m: Database: atlas
[2025-09-13 15:33:25] [32minfo[39m: Processo de inicialização finalizado
[2025-09-13 15:33:26] [32minfo[39m: ✅ Server started on port 4000
[2025-09-13 15:33:26] [32minfo[39m: Node version: 16
[2025-09-13 15:33:26] [32minfo[39m: System: Altas - softmanager api
[2025-09-13 15:33:26] [32minfo[39m: Author: Clebson Santos - https://github.com/clebsonsantos
[2025-09-13 15:33:26] [32minfo[39m: CONEXÃO EFETUADA COM BANCO DE DADOS
[2025-09-13 15:33:26] [32minfo[39m: Database: atlas
[2025-09-13 15:33:26] [32minfo[39m: Processo de inicialização finalizado
[2025-09-13 15:33:28] [32minfo[39m: ✅ Server started on port 4000
[2025-09-13 15:33:28] [32minfo[39m: Node version: 16
[2025-09-13 15:33:28] [32minfo[39m: System: Altas - softmanager api
[2025-09-13 15:33:28] [32minfo[39m: Author: Clebson Santos - https://github.com/clebsonsantos
[2025-09-13 15:33:29] [32minfo[39m: ✅ Server started on port 4000
[2025-09-13 15:33:29] [32minfo[39m: Node version: 16
[2025-09-13 15:33:29] [32minfo[39m: System: Altas - softmanager api
[2025-09-13 15:33:29] [32minfo[39m: Author: Clebson Santos - https://github.com/clebsonsantos
[2025-09-13 15:33:29] [32minfo[39m: CONEXÃO EFETUADA COM BANCO DE DADOS
[2025-09-13 15:33:29] [32minfo[39m: Database: atlas
[2025-09-13 15:33:29] [32minfo[39m: Processo de inicialização finalizado
[2025-09-13 15:33:32] [32minfo[39m: ✅ Server started on port 4000
[2025-09-13 15:33:32] [32minfo[39m: Node version: 16
[2025-09-13 15:33:32] [32minfo[39m: System: Altas - softmanager api
[2025-09-13 15:33:32] [32minfo[39m: Author: Clebson Santos - https://github.com/clebsonsantos
[2025-09-13 15:33:32] [32minfo[39m: CONEXÃO EFETUADA COM BANCO DE DADOS
[2025-09-13 15:33:32] [32minfo[39m: Database: atlas
[2025-09-13 15:33:32] [32minfo[39m: Processo de inicialização finalizado
[2025-09-13 15:33:36] [32minfo[39m: ✅ Server started on port 4000
[2025-09-13 15:33:36] [32minfo[39m: Node version: 16
[2025-09-13 15:33:36] [32minfo[39m: System: Altas - softmanager api
[2025-09-13 15:33:36] [32minfo[39m: Author: Clebson Santos - https://github.com/clebsonsantos
[2025-09-13 15:33:36] [32minfo[39m: CONEXÃO EFETUADA COM BANCO DE DADOS
[2025-09-13 15:33:36] [32minfo[39m: Database: atlas
[2025-09-13 15:33:36] [32minfo[39m: Processo de inicialização finalizado
[2025-09-13 15:33:38] [32minfo[39m: ✅ Server started on port 4000
[2025-09-13 15:33:38] [32minfo[39m: Node version: 16
[2025-09-13 15:33:38] [32minfo[39m: System: Altas - softmanager api
[2025-09-13 15:33:38] [32minfo[39m: Author: Clebson Santos - https://github.com/clebsonsantos
[2025-09-13 15:33:39] [32minfo[39m: CONEXÃO EFETUADA COM BANCO DE DADOS
[2025-09-13 15:33:39] [32minfo[39m: Database: atlas
[2025-09-13 15:33:39] [32minfo[39m: Processo de inicialização finalizado
[2025-09-13 15:33:40] [32minfo[39m: ✅ Server started on port 4000
[2025-09-13 15:33:40] [32minfo[39m: Node version: 16
[2025-09-13 15:33:40] [32minfo[39m: System: Altas - softmanager api
[2025-09-13 15:33:40] [32minfo[39m: Author: Clebson Santos - https://github.com/clebsonsantos
[2025-09-13 15:33:40] [32minfo[39m: CONEXÃO EFETUADA COM BANCO DE DADOS
[2025-09-13 15:33:40] [32minfo[39m: Database: atlas
[2025-09-13 15:33:40] [32minfo[39m: Processo de inicialização finalizado
[2025-09-13 15:33:41] [32minfo[39m: ✅ Server started on port 4000
[2025-09-13 15:33:41] [32minfo[39m: Node version: 16
[2025-09-13 15:33:41] [32minfo[39m: System: Altas - softmanager api
[2025-09-13 15:33:41] [32minfo[39m: Author: Clebson Santos - https://github.com/clebsonsantos
[2025-09-13 15:33:41] [32minfo[39m: CONEXÃO EFETUADA COM BANCO DE DADOS
[2025-09-13 15:33:41] [32minfo[39m: Database: atlas
[2025-09-13 15:33:42] [32minfo[39m: Processo de inicialização finalizado
[2025-09-13 15:33:46] [32minfo[39m: ✅ Server started on port 4000
[2025-09-13 15:33:46] [32minfo[39m: Node version: 16
[2025-09-13 15:33:46] [32minfo[39m: System: Altas - softmanager api
[2025-09-13 15:33:46] [32minfo[39m: Author: Clebson Santos - https://github.com/clebsonsantos
[2025-09-13 15:33:46] [32minfo[39m: CONEXÃO EFETUADA COM BANCO DE DADOS
[2025-09-13 15:33:46] [32minfo[39m: Database: atlas
[2025-09-13 15:33:46] [32minfo[39m: Processo de inicialização finalizado
[2025-09-13 15:33:48] [32minfo[39m: ✅ Server started on port 4000
[2025-09-13 15:33:48] [32minfo[39m: Node version: 16
[2025-09-13 15:33:48] [32minfo[39m: System: Altas - softmanager api
[2025-09-13 15:33:48] [32minfo[39m: Author: Clebson Santos - https://github.com/clebsonsantos
[2025-09-13 15:33:48] [32minfo[39m: CONEXÃO EFETUADA COM BANCO DE DADOS
[2025-09-13 15:33:48] [32minfo[39m: Database: atlas
[2025-09-13 15:33:48] [32minfo[39m: Processo de inicialização finalizado
[2025-09-13 15:33:52] [32minfo[39m: ✅ Server started on port 4000
[2025-09-13 15:33:52] [32minfo[39m: Node version: 16
[2025-09-13 15:33:52] [32minfo[39m: System: Altas - softmanager api
[2025-09-13 15:33:52] [32minfo[39m: Author: Clebson Santos - https://github.com/clebsonsantos
[2025-09-13 15:33:52] [32minfo[39m: CONEXÃO EFETUADA COM BANCO DE DADOS
[2025-09-13 15:33:52] [32minfo[39m: Database: atlas
[2025-09-13 15:33:53] [32minfo[39m: Processo de inicialização finalizado
[2025-09-13 15:33:54] [32minfo[39m: ✅ Server started on port 4000
[2025-09-13 15:33:54] [32minfo[39m: Node version: 16
[2025-09-13 15:33:54] [32minfo[39m: System: Altas - softmanager api
[2025-09-13 15:33:54] [32minfo[39m: Author: Clebson Santos - https://github.com/clebsonsantos
[2025-09-13 15:33:54] [32minfo[39m: CONEXÃO EFETUADA COM BANCO DE DADOS
[2025-09-13 15:33:54] [32minfo[39m: Database: atlas
[2025-09-13 15:33:54] [32minfo[39m: Processo de inicialização finalizado
[2025-09-13 15:34:05] [32minfo[39m: ✅ Server started on port 4000
[2025-09-13 15:34:05] [32minfo[39m: Node version: 16
[2025-09-13 15:34:05] [32minfo[39m: System: Altas - softmanager api
[2025-09-13 15:34:05] [32minfo[39m: Author: Clebson Santos - https://github.com/clebsonsantos
[2025-09-13 15:34:05] [32minfo[39m: CONEXÃO EFETUADA COM BANCO DE DADOS
[2025-09-13 15:34:05] [32minfo[39m: Database: atlas
[2025-09-13 15:34:05] [32minfo[39m: Processo de inicialização finalizado
[2025-09-13 15:34:09] [32minfo[39m: ✅ Server started on port 4000
[2025-09-13 15:34:09] [32minfo[39m: Node version: 16
[2025-09-13 15:34:09] [32minfo[39m: System: Altas - softmanager api
[2025-09-13 15:34:09] [32minfo[39m: Author: Clebson Santos - https://github.com/clebsonsantos
[2025-09-13 15:34:09] [32minfo[39m: CONEXÃO EFETUADA COM BANCO DE DADOS
[2025-09-13 15:34:09] [32minfo[39m: Database: atlas
[2025-09-13 15:34:09] [32minfo[39m: Processo de inicialização finalizado
[2025-09-13 15:34:13] [32minfo[39m: ✅ Server started on port 4000
[2025-09-13 15:34:13] [32minfo[39m: Node version: 16
[2025-09-13 15:34:13] [32minfo[39m: System: Altas - softmanager api
[2025-09-13 15:34:13] [32minfo[39m: Author: Clebson Santos - https://github.com/clebsonsantos
[2025-09-13 15:34:13] [32minfo[39m: CONEXÃO EFETUADA COM BANCO DE DADOS
[2025-09-13 15:34:13] [32minfo[39m: Database: atlas
[2025-09-13 15:34:13] [32minfo[39m: Processo de inicialização finalizado
[2025-09-13 15:34:20] [32minfo[39m: ✅ Server started on port 4000
[2025-09-13 15:34:20] [32minfo[39m: Node version: 16
[2025-09-13 15:34:20] [32minfo[39m: System: Altas - softmanager api
[2025-09-13 15:34:20] [32minfo[39m: Author: Clebson Santos - https://github.com/clebsonsantos
[2025-09-13 15:34:20] [32minfo[39m: CONEXÃO EFETUADA COM BANCO DE DADOS
[2025-09-13 15:34:20] [32minfo[39m: Database: atlas
[2025-09-13 15:34:20] [32minfo[39m: Processo de inicialização finalizado
[2025-09-13 15:34:22] [32minfo[39m: ✅ Server started on port 4000
[2025-09-13 15:34:22] [32minfo[39m: Node version: 16
[2025-09-13 15:34:22] [32minfo[39m: System: Altas - softmanager api
[2025-09-13 15:34:22] [32minfo[39m: Author: Clebson Santos - https://github.com/clebsonsantos
[2025-09-13 15:34:22] [32minfo[39m: CONEXÃO EFETUADA COM BANCO DE DADOS
[2025-09-13 15:34:22] [32minfo[39m: Database: atlas
[2025-09-13 15:34:22] [32minfo[39m: Processo de inicialização finalizado
[2025-09-13 15:34:24] [32minfo[39m: ✅ Server started on port 4000
[2025-09-13 15:34:24] [32minfo[39m: Node version: 16
[2025-09-13 15:34:24] [32minfo[39m: System: Altas - softmanager api
[2025-09-13 15:34:24] [32minfo[39m: Author: Clebson Santos - https://github.com/clebsonsantos
[2025-09-13 15:34:24] [32minfo[39m: CONEXÃO EFETUADA COM BANCO DE DADOS
[2025-09-13 15:34:24] [32minfo[39m: Database: atlas
[2025-09-13 15:34:24] [32minfo[39m: Processo de inicialização finalizado
[2025-09-13 15:34:32] [32minfo[39m: ✅ Server started on port 4000
[2025-09-13 15:34:32] [32minfo[39m: Node version: 16
[2025-09-13 15:34:32] [32minfo[39m: System: Altas - softmanager api
[2025-09-13 15:34:32] [32minfo[39m: Author: Clebson Santos - https://github.com/clebsonsantos
[2025-09-13 15:34:32] [32minfo[39m: CONEXÃO EFETUADA COM BANCO DE DADOS
[2025-09-13 15:34:32] [32minfo[39m: Database: atlas
[2025-09-13 15:34:32] [32minfo[39m: Processo de inicialização finalizado
[2025-09-13 15:34:45] [32minfo[39m: ✅ Server started on port 4000
[2025-09-13 15:34:45] [32minfo[39m: Node version: 16
[2025-09-13 15:34:45] [32minfo[39m: System: Altas - softmanager api
[2025-09-13 15:34:45] [32minfo[39m: Author: Clebson Santos - https://github.com/clebsonsantos
[2025-09-13 15:34:45] [32minfo[39m: CONEXÃO EFETUADA COM BANCO DE DADOS
[2025-09-13 15:34:45] [32minfo[39m: Database: atlas
[2025-09-13 15:34:45] [32minfo[39m: Processo de inicialização finalizado
[2025-09-13 15:34:47] [32minfo[39m: ✅ Server started on port 4000
[2025-09-13 15:34:47] [32minfo[39m: Node version: 16
[2025-09-13 15:34:47] [32minfo[39m: System: Altas - softmanager api
[2025-09-13 15:34:47] [32minfo[39m: Author: Clebson Santos - https://github.com/clebsonsantos
[2025-09-13 15:34:47] [32minfo[39m: CONEXÃO EFETUADA COM BANCO DE DADOS
[2025-09-13 15:34:47] [32minfo[39m: Database: atlas
[2025-09-13 15:34:48] [32minfo[39m: Processo de inicialização finalizado
[2025-09-13 15:34:49] [32minfo[39m: ✅ Server started on port 4000
[2025-09-13 15:34:49] [32minfo[39m: Node version: 16
[2025-09-13 15:34:49] [32minfo[39m: System: Altas - softmanager api
[2025-09-13 15:34:49] [32minfo[39m: Author: Clebson Santos - https://github.com/clebsonsantos
[2025-09-13 15:34:49] [32minfo[39m: CONEXÃO EFETUADA COM BANCO DE DADOS
[2025-09-13 15:34:49] [32minfo[39m: Database: atlas
[2025-09-13 15:34:49] [32minfo[39m: Processo de inicialização finalizado
[2025-09-13 15:34:55] [32minfo[39m: ✅ Server started on port 4000
[2025-09-13 15:34:55] [32minfo[39m: Node version: 16
[2025-09-13 15:34:55] [32minfo[39m: System: Altas - softmanager api
[2025-09-13 15:34:55] [32minfo[39m: Author: Clebson Santos - https://github.com/clebsonsantos
[2025-09-13 15:34:56] [32minfo[39m: CONEXÃO EFETUADA COM BANCO DE DADOS
[2025-09-13 15:34:56] [32minfo[39m: Database: atlas
[2025-09-13 15:34:56] [32minfo[39m: Processo de inicialização finalizado
[2025-09-13 15:34:57] [32minfo[39m: ✅ Server started on port 4000
[2025-09-13 15:34:57] [32minfo[39m: Node version: 16
[2025-09-13 15:34:57] [32minfo[39m: System: Altas - softmanager api
[2025-09-13 15:34:57] [32minfo[39m: Author: Clebson Santos - https://github.com/clebsonsantos
[2025-09-13 15:34:57] [32minfo[39m: CONEXÃO EFETUADA COM BANCO DE DADOS
[2025-09-13 15:34:57] [32minfo[39m: Database: atlas
[2025-09-13 15:34:57] [32minfo[39m: Processo de inicialização finalizado
[2025-09-13 15:35:04] [32minfo[39m: ✅ Server started on port 4000
[2025-09-13 15:35:04] [32minfo[39m: Node version: 16
[2025-09-13 15:35:04] [32minfo[39m: System: Altas - softmanager api
[2025-09-13 15:35:04] [32minfo[39m: Author: Clebson Santos - https://github.com/clebsonsantos
[2025-09-13 15:35:04] [32minfo[39m: CONEXÃO EFETUADA COM BANCO DE DADOS
[2025-09-13 15:35:04] [32minfo[39m: Database: atlas
[2025-09-13 15:35:04] [32minfo[39m: Processo de inicialização finalizado
[2025-09-13 15:35:07] [32minfo[39m: ✅ Server started on port 4000
[2025-09-13 15:35:07] [32minfo[39m: Node version: 16
[2025-09-13 15:35:07] [32minfo[39m: System: Altas - softmanager api
[2025-09-13 15:35:07] [32minfo[39m: Author: Clebson Santos - https://github.com/clebsonsantos
[2025-09-13 15:35:07] [32minfo[39m: CONEXÃO EFETUADA COM BANCO DE DADOS
[2025-09-13 15:35:07] [32minfo[39m: Database: atlas
[2025-09-13 15:35:07] [32minfo[39m: Processo de inicialização finalizado
[2025-09-13 15:35:15] [32minfo[39m: ✅ Server started on port 4000
[2025-09-13 15:35:15] [32minfo[39m: Node version: 16
[2025-09-13 15:35:15] [32minfo[39m: System: Altas - softmanager api
[2025-09-13 15:35:15] [32minfo[39m: Author: Clebson Santos - https://github.com/clebsonsantos
[2025-09-13 15:35:15] [32minfo[39m: CONEXÃO EFETUADA COM BANCO DE DADOS
[2025-09-13 15:35:15] [32minfo[39m: Database: atlas
[2025-09-13 15:35:15] [32minfo[39m: Processo de inicialização finalizado
[2025-09-13 15:35:18] [32minfo[39m: ✅ Server started on port 4000
[2025-09-13 15:35:18] [32minfo[39m: Node version: 16
[2025-09-13 15:35:18] [32minfo[39m: System: Altas - softmanager api
[2025-09-13 15:35:18] [32minfo[39m: Author: Clebson Santos - https://github.com/clebsonsantos
[2025-09-13 15:35:18] [32minfo[39m: CONEXÃO EFETUADA COM BANCO DE DADOS
[2025-09-13 15:35:18] [32minfo[39m: Database: atlas
[2025-09-13 15:35:20] [32minfo[39m: ✅ Server started on port 4000
[2025-09-13 15:35:20] [32minfo[39m: Node version: 16
[2025-09-13 15:35:20] [32minfo[39m: System: Altas - softmanager api
[2025-09-13 15:35:20] [32minfo[39m: Author: Clebson Santos - https://github.com/clebsonsantos
[2025-09-13 15:35:20] [32minfo[39m: CONEXÃO EFETUADA COM BANCO DE DADOS
[2025-09-13 15:35:20] [32minfo[39m: Database: atlas
[2025-09-13 15:35:20] [32minfo[39m: Processo de inicialização finalizado
[2025-09-13 15:35:22] [32minfo[39m: ✅ Server started on port 4000
[2025-09-13 15:35:22] [32minfo[39m: Node version: 16
[2025-09-13 15:35:22] [32minfo[39m: System: Altas - softmanager api
[2025-09-13 15:35:22] [32minfo[39m: Author: Clebson Santos - https://github.com/clebsonsantos
[2025-09-13 15:35:23] [32minfo[39m: CONEXÃO EFETUADA COM BANCO DE DADOS
[2025-09-13 15:35:23] [32minfo[39m: Database: atlas
[2025-09-13 15:35:23] [32minfo[39m: Processo de inicialização finalizado
[2025-09-13 15:35:27] [32minfo[39m: ✅ Server started on port 4000
[2025-09-13 15:35:27] [32minfo[39m: Node version: 16
[2025-09-13 15:35:27] [32minfo[39m: System: Altas - softmanager api
[2025-09-13 15:35:27] [32minfo[39m: Author: Clebson Santos - https://github.com/clebsonsantos
[2025-09-13 15:35:27] [32minfo[39m: CONEXÃO EFETUADA COM BANCO DE DADOS
[2025-09-13 15:35:27] [32minfo[39m: Database: atlas
[2025-09-13 15:35:27] [32minfo[39m: Processo de inicialização finalizado
[2025-09-13 15:35:29] [32minfo[39m: ✅ Server started on port 4000
[2025-09-13 15:35:29] [32minfo[39m: Node version: 16
[2025-09-13 15:35:29] [32minfo[39m: System: Altas - softmanager api
[2025-09-13 15:35:29] [32minfo[39m: Author: Clebson Santos - https://github.com/clebsonsantos
[2025-09-13 15:35:29] [32minfo[39m: CONEXÃO EFETUADA COM BANCO DE DADOS
[2025-09-13 15:35:29] [32minfo[39m: Database: atlas
[2025-09-13 15:35:29] [32minfo[39m: Processo de inicialização finalizado
[2025-09-13 15:35:30] [32minfo[39m: ✅ Server started on port 4000
[2025-09-13 15:35:30] [32minfo[39m: Node version: 16
[2025-09-13 15:35:30] [32minfo[39m: System: Altas - softmanager api
[2025-09-13 15:35:30] [32minfo[39m: Author: Clebson Santos - https://github.com/clebsonsantos
[2025-09-13 15:35:31] [32minfo[39m: CONEXÃO EFETUADA COM BANCO DE DADOS
[2025-09-13 15:35:31] [32minfo[39m: Database: atlas
[2025-09-13 15:35:31] [32minfo[39m: Processo de inicialização finalizado
[2025-09-13 15:35:33] [32minfo[39m: ✅ Server started on port 4000
[2025-09-13 15:35:33] [32minfo[39m: Node version: 16
[2025-09-13 15:35:33] [32minfo[39m: System: Altas - softmanager api
[2025-09-13 15:35:33] [32minfo[39m: Author: Clebson Santos - https://github.com/clebsonsantos
[2025-09-13 15:35:33] [32minfo[39m: CONEXÃO EFETUADA COM BANCO DE DADOS
[2025-09-13 15:35:33] [32minfo[39m: Database: atlas
[2025-09-13 15:35:33] [32minfo[39m: Processo de inicialização finalizado
[2025-09-13 15:35:34] [32minfo[39m: ✅ Server started on port 4000
[2025-09-13 15:35:34] [32minfo[39m: Node version: 16
[2025-09-13 15:35:34] [32minfo[39m: System: Altas - softmanager api
[2025-09-13 15:35:34] [32minfo[39m: Author: Clebson Santos - https://github.com/clebsonsantos
[2025-09-13 15:35:34] [32minfo[39m: CONEXÃO EFETUADA COM BANCO DE DADOS
[2025-09-13 15:35:34] [32minfo[39m: Database: atlas
[2025-09-13 15:35:34] [32minfo[39m: Processo de inicialização finalizado
[2025-09-13 15:35:50] [32minfo[39m: ✅ Server started on port 4000
[2025-09-13 15:35:50] [32minfo[39m: Node version: 16
[2025-09-13 15:35:50] [32minfo[39m: System: Altas - softmanager api
[2025-09-13 15:35:50] [32minfo[39m: Author: Clebson Santos - https://github.com/clebsonsantos
[2025-09-13 15:35:50] [32minfo[39m: CONEXÃO EFETUADA COM BANCO DE DADOS
[2025-09-13 15:35:50] [32minfo[39m: Database: atlas
[2025-09-13 15:35:50] [32minfo[39m: Processo de inicialização finalizado
[2025-09-13 15:35:52] [32minfo[39m: ✅ Server started on port 4000
[2025-09-13 15:35:52] [32minfo[39m: Node version: 16
[2025-09-13 15:35:52] [32minfo[39m: System: Altas - softmanager api
[2025-09-13 15:35:52] [32minfo[39m: Author: Clebson Santos - https://github.com/clebsonsantos
[2025-09-13 15:35:52] [32minfo[39m: CONEXÃO EFETUADA COM BANCO DE DADOS
[2025-09-13 15:35:52] [32minfo[39m: Database: atlas
[2025-09-13 15:35:53] [32minfo[39m: Processo de inicialização finalizado
[2025-09-13 15:35:54] [32minfo[39m: ✅ Server started on port 4000
[2025-09-13 15:35:54] [32minfo[39m: Node version: 16
[2025-09-13 15:35:54] [32minfo[39m: System: Altas - softmanager api
[2025-09-13 15:35:54] [32minfo[39m: Author: Clebson Santos - https://github.com/clebsonsantos
[2025-09-13 15:35:54] [32minfo[39m: CONEXÃO EFETUADA COM BANCO DE DADOS
[2025-09-13 15:35:54] [32minfo[39m: Database: atlas
[2025-09-13 15:35:54] [32minfo[39m: Processo de inicialização finalizado
[2025-09-13 15:36:01] [32minfo[39m: ✅ Server started on port 4000
[2025-09-13 15:36:01] [32minfo[39m: Node version: 16
[2025-09-13 15:36:01] [32minfo[39m: System: Altas - softmanager api
[2025-09-13 15:36:01] [32minfo[39m: Author: Clebson Santos - https://github.com/clebsonsantos
[2025-09-13 15:36:01] [32minfo[39m: CONEXÃO EFETUADA COM BANCO DE DADOS
[2025-09-13 15:36:01] [32minfo[39m: Database: atlas
[2025-09-13 15:36:01] [32minfo[39m: Processo de inicialização finalizado
[2025-09-13 15:36:04] [32minfo[39m: ✅ Server started on port 4000
[2025-09-13 15:36:04] [32minfo[39m: Node version: 16
[2025-09-13 15:36:04] [32minfo[39m: System: Altas - softmanager api
[2025-09-13 15:36:04] [32minfo[39m: Author: Clebson Santos - https://github.com/clebsonsantos
[2025-09-13 15:36:05] [32minfo[39m: CONEXÃO EFETUADA COM BANCO DE DADOS
[2025-09-13 15:36:05] [32minfo[39m: Database: atlas
[2025-09-13 15:36:05] [32minfo[39m: Processo de inicialização finalizado
[2025-09-13 15:36:12] [32minfo[39m: ✅ Server started on port 4000
[2025-09-13 15:36:12] [32minfo[39m: Node version: 16
[2025-09-13 15:36:12] [32minfo[39m: System: Altas - softmanager api
[2025-09-13 15:36:12] [32minfo[39m: Author: Clebson Santos - https://github.com/clebsonsantos
[2025-09-13 15:36:12] [32minfo[39m: CONEXÃO EFETUADA COM BANCO DE DADOS
[2025-09-13 15:36:12] [32minfo[39m: Database: atlas
[2025-09-13 15:36:12] [32minfo[39m: Processo de inicialização finalizado
[2025-09-13 15:36:16] [32minfo[39m: ✅ Server started on port 4000
[2025-09-13 15:36:16] [32minfo[39m: Node version: 16
[2025-09-13 15:36:16] [32minfo[39m: System: Altas - softmanager api
[2025-09-13 15:36:16] [32minfo[39m: Author: Clebson Santos - https://github.com/clebsonsantos
[2025-09-13 15:36:16] [32minfo[39m: CONEXÃO EFETUADA COM BANCO DE DADOS
[2025-09-13 15:36:16] [32minfo[39m: Database: atlas
[2025-09-13 15:36:16] [32minfo[39m: Processo de inicialização finalizado
[2025-09-13 15:36:22] [32minfo[39m: ✅ Server started on port 4000
[2025-09-13 15:36:22] [32minfo[39m: Node version: 16
[2025-09-13 15:36:22] [32minfo[39m: System: Altas - softmanager api
[2025-09-13 15:36:22] [32minfo[39m: Author: Clebson Santos - https://github.com/clebsonsantos
[2025-09-13 15:36:23] [32minfo[39m: CONEXÃO EFETUADA COM BANCO DE DADOS
[2025-09-13 15:36:23] [32minfo[39m: Database: atlas
[2025-09-13 15:36:23] [32minfo[39m: Processo de inicialização finalizado
[2025-09-13 15:36:24] [32minfo[39m: ✅ Server started on port 4000
[2025-09-13 15:36:24] [32minfo[39m: Node version: 16
[2025-09-13 15:36:24] [32minfo[39m: System: Altas - softmanager api
[2025-09-13 15:36:24] [32minfo[39m: Author: Clebson Santos - https://github.com/clebsonsantos
[2025-09-13 15:36:24] [32minfo[39m: CONEXÃO EFETUADA COM BANCO DE DADOS
[2025-09-13 15:36:24] [32minfo[39m: Database: atlas
[2025-09-13 15:36:24] [32minfo[39m: Processo de inicialização finalizado
[2025-09-13 15:36:31] [32minfo[39m: ✅ Server started on port 4000
[2025-09-13 15:36:31] [32minfo[39m: Node version: 16
[2025-09-13 15:36:31] [32minfo[39m: System: Altas - softmanager api
[2025-09-13 15:36:31] [32minfo[39m: Author: Clebson Santos - https://github.com/clebsonsantos
[2025-09-13 15:36:31] [32minfo[39m: CONEXÃO EFETUADA COM BANCO DE DADOS
[2025-09-13 15:36:31] [32minfo[39m: Database: atlas
[2025-09-13 15:36:31] [32minfo[39m: Processo de inicialização finalizado
[2025-09-13 15:36:34] [32minfo[39m: ✅ Server started on port 4000
[2025-09-13 15:36:34] [32minfo[39m: Node version: 16
[2025-09-13 15:36:34] [32minfo[39m: System: Altas - softmanager api
[2025-09-13 15:36:34] [32minfo[39m: Author: Clebson Santos - https://github.com/clebsonsantos
[2025-09-13 15:36:34] [32minfo[39m: CONEXÃO EFETUADA COM BANCO DE DADOS
[2025-09-13 15:36:34] [32minfo[39m: Database: atlas
[2025-09-13 15:36:34] [32minfo[39m: Processo de inicialização finalizado
[2025-09-13 15:36:36] [32minfo[39m: ✅ Server started on port 4000
[2025-09-13 15:36:36] [32minfo[39m: Node version: 16
[2025-09-13 15:36:36] [32minfo[39m: System: Altas - softmanager api
[2025-09-13 15:36:36] [32minfo[39m: Author: Clebson Santos - https://github.com/clebsonsantos
[2025-09-13 15:36:36] [32minfo[39m: CONEXÃO EFETUADA COM BANCO DE DADOS
[2025-09-13 15:36:36] [32minfo[39m: Database: atlas
[2025-09-13 15:36:36] [32minfo[39m: Processo de inicialização finalizado
[2025-09-13 15:36:49] [32minfo[39m: ✅ Server started on port 4000
[2025-09-13 15:36:49] [32minfo[39m: Node version: 16
[2025-09-13 15:36:49] [32minfo[39m: System: Altas - softmanager api
[2025-09-13 15:36:49] [32minfo[39m: Author: Clebson Santos - https://github.com/clebsonsantos
[2025-09-13 15:36:49] [32minfo[39m: CONEXÃO EFETUADA COM BANCO DE DADOS
[2025-09-13 15:36:49] [32minfo[39m: Database: atlas
[2025-09-13 15:36:49] [32minfo[39m: Processo de inicialização finalizado
[2025-09-13 15:36:51] [32minfo[39m: ✅ Server started on port 4000
[2025-09-13 15:36:51] [32minfo[39m: Node version: 16
[2025-09-13 15:36:51] [32minfo[39m: System: Altas - softmanager api
[2025-09-13 15:36:51] [32minfo[39m: Author: Clebson Santos - https://github.com/clebsonsantos
[2025-09-13 15:36:51] [32minfo[39m: CONEXÃO EFETUADA COM BANCO DE DADOS
[2025-09-13 15:36:51] [32minfo[39m: Database: atlas
[2025-09-13 15:36:51] [32minfo[39m: Processo de inicialização finalizado
[2025-09-13 15:36:57] [32minfo[39m: ✅ Server started on port 4000
[2025-09-13 15:36:57] [32minfo[39m: Node version: 16
[2025-09-13 15:36:57] [32minfo[39m: System: Altas - softmanager api
[2025-09-13 15:36:57] [32minfo[39m: Author: Clebson Santos - https://github.com/clebsonsantos
[2025-09-13 15:36:57] [32minfo[39m: CONEXÃO EFETUADA COM BANCO DE DADOS
[2025-09-13 15:36:57] [32minfo[39m: Database: atlas
[2025-09-13 15:36:57] [32minfo[39m: Processo de inicialização finalizado
[2025-09-13 15:36:59] [32minfo[39m: ✅ Server started on port 4000
[2025-09-13 15:36:59] [32minfo[39m: Node version: 16
[2025-09-13 15:36:59] [32minfo[39m: System: Altas - softmanager api
[2025-09-13 15:36:59] [32minfo[39m: Author: Clebson Santos - https://github.com/clebsonsantos
[2025-09-13 15:36:59] [32minfo[39m: CONEXÃO EFETUADA COM BANCO DE DADOS
[2025-09-13 15:36:59] [32minfo[39m: Database: atlas
[2025-09-13 15:36:59] [32minfo[39m: Processo de inicialização finalizado
[2025-09-13 15:37:01] [32minfo[39m: ✅ Server started on port 4000
[2025-09-13 15:37:01] [32minfo[39m: Node version: 16
[2025-09-13 15:37:01] [32minfo[39m: System: Altas - softmanager api
[2025-09-13 15:37:01] [32minfo[39m: Author: Clebson Santos - https://github.com/clebsonsantos
[2025-09-13 15:37:01] [32minfo[39m: CONEXÃO EFETUADA COM BANCO DE DADOS
[2025-09-13 15:37:01] [32minfo[39m: Database: atlas
[2025-09-13 15:37:01] [32minfo[39m: Processo de inicialização finalizado
[2025-09-13 15:37:02] [32minfo[39m: ✅ Server started on port 4000
[2025-09-13 15:37:02] [32minfo[39m: Node version: 16
[2025-09-13 15:37:02] [32minfo[39m: System: Altas - softmanager api
[2025-09-13 15:37:02] [32minfo[39m: Author: Clebson Santos - https://github.com/clebsonsantos
[2025-09-13 15:37:02] [32minfo[39m: CONEXÃO EFETUADA COM BANCO DE DADOS
[2025-09-13 15:37:02] [32minfo[39m: Database: atlas
[2025-09-13 15:37:02] [32minfo[39m: Processo de inicialização finalizado
[2025-09-13 15:37:08] [32minfo[39m: ✅ Server started on port 4000
[2025-09-13 15:37:08] [32minfo[39m: Node version: 16
[2025-09-13 15:37:08] [32minfo[39m: System: Altas - softmanager api
[2025-09-13 15:37:08] [32minfo[39m: Author: Clebson Santos - https://github.com/clebsonsantos
[2025-09-13 15:37:08] [32minfo[39m: CONEXÃO EFETUADA COM BANCO DE DADOS
[2025-09-13 15:37:08] [32minfo[39m: Database: atlas
[2025-09-13 15:37:08] [32minfo[39m: Processo de inicialização finalizado
[2025-09-13 15:37:12] [32minfo[39m: ✅ Server started on port 4000
[2025-09-13 15:37:12] [32minfo[39m: Node version: 16
[2025-09-13 15:37:12] [32minfo[39m: System: Altas - softmanager api
[2025-09-13 15:37:12] [32minfo[39m: Author: Clebson Santos - https://github.com/clebsonsantos
[2025-09-13 15:37:12] [32minfo[39m: CONEXÃO EFETUADA COM BANCO DE DADOS
[2025-09-13 15:37:12] [32minfo[39m: Database: atlas
[2025-09-13 15:37:12] [32minfo[39m: Processo de inicialização finalizado
[2025-09-13 15:37:14] [32minfo[39m: ✅ Server started on port 4000
[2025-09-13 15:37:14] [32minfo[39m: Node version: 16
[2025-09-13 15:37:14] [32minfo[39m: System: Altas - softmanager api
[2025-09-13 15:37:14] [32minfo[39m: Author: Clebson Santos - https://github.com/clebsonsantos
[2025-09-13 15:37:16] [32minfo[39m: ✅ Server started on port 4000
[2025-09-13 15:37:16] [32minfo[39m: Node version: 16
[2025-09-13 15:37:16] [32minfo[39m: System: Altas - softmanager api
[2025-09-13 15:37:16] [32minfo[39m: Author: Clebson Santos - https://github.com/clebsonsantos
[2025-09-13 15:37:17] [32minfo[39m: ✅ Server started on port 4000
[2025-09-13 15:37:17] [32minfo[39m: Node version: 16
[2025-09-13 15:37:17] [32minfo[39m: System: Altas - softmanager api
[2025-09-13 15:37:17] [32minfo[39m: Author: Clebson Santos - https://github.com/clebsonsantos
[2025-09-13 15:37:17] [32minfo[39m: CONEXÃO EFETUADA COM BANCO DE DADOS
[2025-09-13 15:37:17] [32minfo[39m: Database: atlas
[2025-09-13 15:37:17] [32minfo[39m: Processo de inicialização finalizado
[2025-09-13 15:37:22] [32minfo[39m: ✅ Server started on port 4000
[2025-09-13 15:37:22] [32minfo[39m: Node version: 16
[2025-09-13 15:37:22] [32minfo[39m: System: Altas - softmanager api
[2025-09-13 15:37:22] [32minfo[39m: Author: Clebson Santos - https://github.com/clebsonsantos
[2025-09-13 15:37:22] [32minfo[39m: CONEXÃO EFETUADA COM BANCO DE DADOS
[2025-09-13 15:37:22] [32minfo[39m: Database: atlas
[2025-09-13 15:37:22] [32minfo[39m: Processo de inicialização finalizado
[2025-09-13 15:37:27] [32minfo[39m: ✅ Server started on port 4000
[2025-09-13 15:37:27] [32minfo[39m: Node version: 16
[2025-09-13 15:37:27] [32minfo[39m: System: Altas - softmanager api
[2025-09-13 15:37:27] [32minfo[39m: Author: Clebson Santos - https://github.com/clebsonsantos
[2025-09-13 15:37:27] [32minfo[39m: CONEXÃO EFETUADA COM BANCO DE DADOS
[2025-09-13 15:37:27] [32minfo[39m: Database: atlas
[2025-09-13 15:37:27] [32minfo[39m: Processo de inicialização finalizado
[2025-09-22 11:44:22] [32minfo[39m: ✅ Server started on port 4000
[2025-09-22 11:44:22] [32minfo[39m: Node version: 16
[2025-09-22 11:44:22] [32minfo[39m: System: Altas - softmanager api
[2025-09-22 11:44:22] [32minfo[39m: Author: Clebson Santos - https://github.com/clebsonsantos
[2025-09-22 11:44:23] [32minfo[39m: CONEXÃO EFETUADA COM BANCO DE DADOS
[2025-09-22 11:44:23] [32minfo[39m: Database: atlas
[2025-09-22 11:44:23] [32minfo[39m: Criando nova permissão: admin
[2025-09-22 11:44:23] [31merror[39m: ERRO AO CONECTAR COM BANCO DE DADOS No repository for "Permission" was found. Looks like this entity is not registered in current "default" connection?
[2025-09-22 11:44:23] [32minfo[39m: Processo de inicialização finalizado
